// Jest Snapshot v1, https://goo.gl/fbAQLP

exports[`EventTabCard should match snap shot 1`] = `undefined`;
